2026-06-26 19:37:26,887 | __main__ | INFO | This is testing logger
2026-06-26 19:37:26,887 | __main__ | ERROR | No
2026-06-26 23:39:49,906 | src.data.split | INFO | test size: 0.2, random_state: 42
2026-06-28 14:55:29,786 | src.data.split | INFO | test size: 0.2, random_state: 42
2026-06-28 14:56:02,187 | src.data.split | INFO | test size: 0.2, random_state: 42
2026-06-28 15:00:30,630 | src.data.split | INFO | test size: 0.2, random_state: 42
2026-06-28 22:52:11,637 | src.data.split | INFO | test size: 0.2, random_state: 42
2026-06-28 22:53:30,606 | src.data.split | INFO | test size: 0.2, random_state: 42
2026-06-28 22:57:43,494 | src.data.split | INFO | test size: 0.2, random_state: 42
2026-06-29 14:05:58,393 | src.data.split | INFO | data split start:
2026-06-29 14:05:58,421 | src.data.split | INFO | data loaded
2026-06-29 14:05:58,433 | src.data.split | INFO | Training and test data created
2026-06-29 14:05:58,435 | src.data.data_cleaning | INFO | columns droped from X_train and X_test
2026-06-29 14:05:58,435 | src.model.train | INFO | Starting CatBoost Training
2026-06-29 14:05:58,435 | src.model.train | INFO | Training data shape: 3318 sample, 21 feature
2026-06-29 14:06:00,361 | src.model.train | INFO | Training completed in 1.92 seconds
2026-06-29 14:06:00,361 | src.model.eval | INFO | Model evaluation started:
2026-06-29 14:06:16,736 | src.model.eval | INFO | Model evaluation done
2026-06-29 19:44:48,193 | __main__ | INFO | running main pipeline
2026-06-29 19:44:48,198 | __main__ | INFO | config file loaded
2026-06-29 19:44:48,246 | utils.io | INFO | Loaded CSV: data\raw\student_academic_data\data.csv
2026-06-29 19:44:48,252 | src.data.data_validation | INFO | Data validation started.
2026-06-29 19:44:48,273 | src.data.split | INFO | data split start:
2026-06-29 19:44:48,284 | src.data.split | INFO | Training and test data created
2026-06-29 19:44:48,284 | src.data.label_encoder | INFO | Encoding target labels
2026-06-29 19:44:48,518 | src.data.label_encoder | INFO | Encoded 3 classes
2026-06-29 19:44:48,519 | src.data.data_cleaning | INFO | Data cleaning started
2026-06-29 19:44:48,522 | src.data.data_cleaning | INFO | columns droped from X_train and X_test
2026-06-29 19:44:48,523 | src.data.data_cleaning | INFO | Data cleaning complete
2026-06-29 19:44:48,523 | src.model.train | INFO | Starting CatBoost Training
2026-06-29 19:44:48,523 | src.model.train | INFO | Training data shape: 3318 sample, 21 feature
2026-06-29 19:44:51,305 | src.model.train | INFO | Training completed in 2.78 seconds
2026-06-29 19:44:51,305 | src.model.eval | INFO | Model evaluation started:
2026-06-29 19:46:13,909 | src.model.eval | INFO | Model evaluation done
2026-06-29 19:46:13,910 | __main__ | INFO | Pipeline successfully run
2026-06-29 22:17:51,019 | __main__ | INFO | running main pipeline
2026-06-29 22:17:51,026 | __main__ | INFO | config file loaded
2026-06-29 22:17:51,048 | utils.io | INFO | Loaded CSV: data\raw\student_academic_data\data.csv
2026-06-29 22:17:51,052 | src.data.data_validation | INFO | Data validation started.
2026-06-29 22:17:51,068 | src.data.split | INFO | data split start:
2026-06-29 22:17:51,076 | src.data.split | INFO | Training and test data created
2026-06-29 22:17:51,076 | src.data.label_encoder | INFO | Encoding target labels
2026-06-29 22:17:51,102 | src.data.label_encoder | INFO | Encoded 3 classes
2026-06-29 22:17:51,102 | src.data.data_cleaning | INFO | Data cleaning started
2026-06-29 22:17:51,102 | src.data.data_cleaning | INFO | columns droped from X_train and X_test
2026-06-29 22:17:51,108 | src.data.data_cleaning | INFO | Data cleaning complete
2026-06-29 22:17:51,108 | src.model.train | INFO | Starting CatBoost Training
2026-06-29 22:17:51,108 | src.model.train | INFO | Training data shape: 3318 sample, 21 feature
2026-06-29 22:17:53,138 | src.model.train | INFO | Training completed in 2.03 seconds
2026-06-29 22:17:53,138 | src.model.eval | INFO | Model evaluation started:
2026-06-29 22:18:18,968 | src.model.eval | INFO | Model evaluation done
2026-06-29 22:18:18,976 | utils.io | INFO | Saved JSON: artifacts\eval_result.json
2026-06-29 22:18:18,977 | utils.io | INFO | Saved JSON: artifacts\data_validation_result.json
2026-06-29 22:18:18,983 | utils.io | INFO | Saved model: artifacts\models\best_model.joblib
2026-06-29 22:18:18,983 | utils.io | INFO | Saved model: artifacts\encoder.joblib
2026-06-29 22:18:18,986 | utils.io | INFO | Saved model: artifacts\eval_result.joblib
2026-06-29 22:18:18,986 | __main__ | INFO | Pipeline successfully run
2026-06-30 14:39:14,978 | utils.io | INFO | Loaded model: artifacts\models\best_model.joblib
2026-06-30 14:39:17,193 | utils.io | INFO | Loaded model: artifacts\encoder.joblib
2026-06-30 14:42:26,800 | utils.io | INFO | Loaded model: artifacts\models\best_model.joblib
2026-06-30 14:42:28,407 | utils.io | INFO | Loaded model: artifacts\encoder.joblib
2026-06-30 18:15:52,512 | utils.io | INFO | Loaded CSV: data\raw\student_academic_data\data.csv
2026-06-30 18:15:52,512 | src.data.split | INFO | data split start:
2026-06-30 18:15:52,527 | src.data.split | INFO | Training and test data created
2026-06-30 18:15:52,527 | src.data.data_cleaning | INFO | Data cleaning started
2026-06-30 18:15:52,530 | src.data.data_cleaning | INFO | columns droped from X_train and X_test
2026-06-30 18:15:52,531 | src.data.data_cleaning | INFO | Data cleaning complete
2026-06-30 18:15:52,532 | utils.io | INFO | Saved model: artifacts\feature_names.joblib
2026-06-30 18:21:31,180 | utils.io | INFO | Loaded model: artifacts\feature_names.joblib
2026-06-30 18:21:48,515 | utils.io | INFO | Loaded model: artifacts\feature_names.joblib
2026-06-30 18:43:20,880 | src.inference.loader | INFO | Loading inference artifacts.
2026-06-30 18:43:21,850 | utils.io | INFO | Loaded model: artifacts\models\best_model.joblib
2026-06-30 18:43:22,801 | utils.io | INFO | Loaded model: artifacts\encoder.joblib
2026-06-30 18:43:22,801 | utils.io | INFO | Loaded model: artifacts\feature_names.joblib
2026-06-30 18:43:22,801 | src.inference.loader | INFO | Inference artifacts loaded successfully.
2026-06-30 18:43:22,801 | src.inference.predict | INFO | Inference service initialized.
2026-06-30 18:43:22,801 | src.inference.predict | INFO | Prediction started.
2026-06-30 18:43:22,801 | src.inference.validate | INFO | Validating inference input.
2026-06-30 18:43:22,801 | src.inference.validate | INFO | Input validation completed.
2026-06-30 18:43:22,843 | src.inference.predict | INFO | Prediction completed. Predicted class: Graduate
2026-06-30 18:43:22,843 | src.inference.response | INFO | Building prediction response.
2026-06-30 23:52:16,730 | utils.io | INFO | Loaded model: artifacts\feature_names.joblib
2026-06-30 23:52:16,730 | src.inference.loader | INFO | Feature names loaded successfully.
2026-06-30 23:52:26,921 | utils.io | INFO | Loaded model: artifacts\encoder.joblib
2026-06-30 23:52:26,921 | src.inference.loader | INFO | Encoder loaded successfully.
2026-07-01 22:54:26,154 | utils.io | INFO | Loaded model: artifacts\feature_names.joblib
2026-07-01 22:54:26,154 | src.inference.loader | INFO | Feature names loaded successfully.
2026-07-01 22:54:36,326 | utils.io | INFO | Loaded model: artifacts\encoder.joblib
2026-07-01 22:54:36,326 | src.inference.loader | INFO | Encoder loaded successfully.
2026-07-01 23:06:50,702 | utils.io | INFO | Loaded model: artifacts\encoder.joblib
2026-07-01 23:06:50,702 | src.inference.loader | INFO | Encoder loaded successfully.
2026-07-01 23:08:42,799 | utils.io | INFO | Loaded model: artifacts\encoder.joblib
2026-07-01 23:08:42,799 | src.inference.loader | INFO | Encoder loaded successfully.
2026-07-01 23:08:58,531 | utils.io | INFO | Loaded model: artifacts\encoder.joblib
2026-07-01 23:08:58,547 | src.inference.loader | INFO | Encoder loaded successfully.
2026-07-01 23:24:40,893 | src.inference.predict | INFO | Model loading....
2026-07-01 23:24:45,679 | utils.io | INFO | Loaded model: artifacts\models\best_model.joblib
2026-07-01 23:24:45,679 | src.inference.loader | INFO | Model loaded successfully.
2026-07-01 23:24:45,679 | src.inference.predict | INFO | Loading feature names....
2026-07-01 23:24:46,602 | utils.io | INFO | Loaded model: artifacts\encoder.joblib
2026-07-01 23:24:46,602 | src.inference.loader | INFO | Encoder loaded successfully.
2026-07-01 23:24:46,608 | utils.io | INFO | Loaded model: artifacts\feature_names.joblib
2026-07-01 23:24:46,608 | src.inference.loader | INFO | Feature names loaded successfully.
2026-07-01 23:24:46,608 | src.inference.validate | INFO | Validating uploaded data.
2026-07-01 23:24:46,621 | src.inference.validate | INFO | Data validation completed successfully.
2026-07-01 23:29:18,493 | src.inference.predict | INFO | Model loading....
2026-07-01 23:29:19,245 | utils.io | INFO | Loaded model: artifacts\models\best_model.joblib
2026-07-01 23:29:19,245 | src.inference.loader | INFO | Model loaded successfully.
2026-07-01 23:29:19,245 | src.inference.predict | INFO | Loading feature names....
2026-07-01 23:29:20,330 | utils.io | INFO | Loaded model: artifacts\encoder.joblib
2026-07-01 23:29:20,331 | src.inference.loader | INFO | Encoder loaded successfully.
2026-07-01 23:29:20,332 | utils.io | INFO | Loaded model: artifacts\feature_names.joblib
2026-07-01 23:29:20,333 | src.inference.loader | INFO | Feature names loaded successfully.
2026-07-01 23:29:20,333 | src.inference.validate | INFO | Validating uploaded data.
2026-07-01 23:29:20,334 | src.inference.validate | INFO | Data validation completed successfully.
2026-07-01 23:30:06,452 | src.inference.predict | INFO | Model loading....
2026-07-01 23:30:07,199 | utils.io | INFO | Loaded model: artifacts\models\best_model.joblib
2026-07-01 23:30:07,199 | src.inference.loader | INFO | Model loaded successfully.
2026-07-01 23:30:07,200 | src.inference.predict | INFO | Loading feature names....
2026-07-01 23:30:08,296 | utils.io | INFO | Loaded model: artifacts\encoder.joblib
2026-07-01 23:30:08,296 | src.inference.loader | INFO | Encoder loaded successfully.
2026-07-01 23:30:08,297 | utils.io | INFO | Loaded model: artifacts\feature_names.joblib
2026-07-01 23:30:08,297 | src.inference.loader | INFO | Feature names loaded successfully.
2026-07-01 23:30:08,297 | src.inference.validate | INFO | Validating uploaded data.
2026-07-01 23:30:08,298 | src.inference.validate | INFO | Data validation completed successfully.
2026-07-01 23:33:02,751 | src.inference.predict | INFO | Model loading....
2026-07-01 23:33:03,582 | utils.io | INFO | Loaded model: artifacts\models\best_model.joblib
2026-07-01 23:33:03,582 | src.inference.loader | INFO | Model loaded successfully.
2026-07-01 23:33:03,582 | src.inference.predict | INFO | Loading feature names....
2026-07-01 23:33:04,582 | utils.io | INFO | Loaded model: artifacts\encoder.joblib
2026-07-01 23:33:04,582 | src.inference.loader | INFO | Encoder loaded successfully.
2026-07-01 23:33:04,605 | utils.io | INFO | Loaded CSV: data\processed\x_test.csv
2026-07-01 23:33:04,605 | utils.io | INFO | Loaded model: artifacts\feature_names.joblib
2026-07-01 23:33:04,605 | src.inference.loader | INFO | Feature names loaded successfully.
2026-07-01 23:33:04,605 | src.inference.validate | INFO | Validating uploaded data.
2026-07-01 23:33:04,605 | src.inference.validate | ERROR | Missing columns: ['Admission grade', 'Age at enrollment', 'Application mode', 'Application order', 'Course', 'Curricular units 1st sem (approved)', 'Curricular units 1st sem (enrolled)', 'Curricular units 1st sem (evaluations)', 'Curricular units 1st sem (grade)', 'Debtor', "Father's occupation", "Father's qualification", 'Gender', 'Inflation rate', 'Marital status', "Mother's occupation", "Mother's qualification", 'Previous qualification', 'Previous qualification (grade)', 'Scholarship holder', 'Tuition fees up to date']
2026-07-02 18:20:01,603 | src.inference.predict | INFO | Model loading....
2026-07-02 18:20:36,998 | src.inference.predict | INFO | Model loading....
2026-07-02 18:20:41,374 | utils.io | INFO | Loaded model: artifacts\models\best_model.joblib
2026-07-02 18:20:41,374 | src.inference.loader | INFO | Model loaded successfully.
2026-07-02 18:20:41,374 | src.inference.predict | INFO | Loading feature names....
2026-07-02 18:20:51,788 | utils.io | INFO | Loaded model: artifacts\encoder.joblib
2026-07-02 18:20:51,788 | src.inference.loader | INFO | Encoder loaded successfully.
2026-07-02 18:20:51,849 | utils.io | INFO | Loaded CSV: data\raw\student_academic_data\data.csv
2026-07-02 18:20:51,849 | utils.io | INFO | Loaded model: artifacts\feature_names.joblib
2026-07-02 18:20:51,849 | src.inference.loader | INFO | Feature names loaded successfully.
2026-07-02 18:20:51,849 | src.inference.validate | INFO | Validating uploaded data.
2026-07-02 18:20:51,852 | src.inference.validate | ERROR | Unexpected columns: ['Curricular units 1st sem (credited)', 'Curricular units 1st sem (without evaluations)', 'Curricular units 2nd sem (approved)', 'Curricular units 2nd sem (credited)', 'Curricular units 2nd sem (enrolled)', 'Curricular units 2nd sem (evaluations)', 'Curricular units 2nd sem (grade)', 'Curricular units 2nd sem (without evaluations)', 'Daytime/evening attendance\t', 'Displaced', 'Educational special needs', 'GDP', 'International', 'Nacionality', 'Target', 'Unemployment rate']
2026-07-02 18:23:52,999 | src.inference.predict | INFO | Model loading....
2026-07-02 18:23:54,957 | utils.io | INFO | Loaded model: artifacts\models\best_model.joblib
2026-07-02 18:23:54,957 | src.inference.loader | INFO | Model loaded successfully.
2026-07-02 18:23:54,957 | src.inference.predict | INFO | Loading feature names....
2026-07-02 18:23:57,092 | utils.io | INFO | Loaded model: artifacts\encoder.joblib
2026-07-02 18:23:57,092 | src.inference.loader | INFO | Encoder loaded successfully.
2026-07-02 18:23:57,191 | utils.io | INFO | Loaded CSV: data\raw\student_academic_data\data.csv
2026-07-02 18:23:57,191 | utils.io | INFO | Loaded model: artifacts\feature_names.joblib
2026-07-02 18:23:57,191 | src.inference.loader | INFO | Feature names loaded successfully.
2026-07-02 18:23:57,191 | src.inference.validate | INFO | Validating uploaded data.
2026-07-02 18:23:57,191 | src.inference.validate | ERROR | Unexpected columns: ['Curricular units 1st sem (credited)', 'Curricular units 1st sem (without evaluations)', 'Curricular units 2nd sem (approved)', 'Curricular units 2nd sem (credited)', 'Curricular units 2nd sem (enrolled)', 'Curricular units 2nd sem (evaluations)', 'Curricular units 2nd sem (grade)', 'Curricular units 2nd sem (without evaluations)', 'Daytime/evening attendance\t', 'Displaced', 'Educational special needs', 'GDP', 'International', 'Nacionality', 'Target', 'Unemployment rate']
2026-07-02 18:26:55,313 | src.inference.predict | INFO | Model loading....
2026-07-02 18:26:57,215 | utils.io | INFO | Loaded model: artifacts\models\best_model.joblib
2026-07-02 18:26:57,215 | src.inference.loader | INFO | Model loaded successfully.
2026-07-02 18:26:57,215 | src.inference.predict | INFO | Loading feature names....
2026-07-02 18:26:59,970 | utils.io | INFO | Loaded model: artifacts\encoder.joblib
2026-07-02 18:26:59,972 | src.inference.loader | INFO | Encoder loaded successfully.
2026-07-02 18:27:00,000 | utils.io | INFO | Loaded CSV: data\raw\student_academic_data\data.csv
2026-07-02 18:27:00,000 | utils.io | INFO | Loaded model: artifacts\feature_names.joblib
2026-07-02 18:27:00,000 | src.inference.loader | INFO | Feature names loaded successfully.
2026-07-02 18:27:00,000 | src.inference.validate | INFO | Validating uploaded data.
2026-07-02 18:27:00,000 | src.inference.validate | ERROR | Unexpected columns: ['Curricular units 1st sem (credited)', 'Curricular units 1st sem (without evaluations)', 'Curricular units 2nd sem (approved)', 'Curricular units 2nd sem (credited)', 'Curricular units 2nd sem (enrolled)', 'Curricular units 2nd sem (evaluations)', 'Curricular units 2nd sem (grade)', 'Curricular units 2nd sem (without evaluations)', 'Daytime/evening attendance', 'Displaced', 'Educational special needs', 'GDP', 'International', 'Nacionality', 'Target', 'Unemployment rate']
2026-07-02 18:32:54,645 | __main__ | INFO | running main pipeline
2026-07-02 18:32:54,645 | __main__ | INFO | config file loaded
2026-07-02 18:32:54,675 | utils.io | INFO | Loaded CSV: data\raw\student_academic_data\data.csv
2026-07-02 18:32:54,675 | src.data.data_validation | INFO | Data validation started.
2026-07-02 18:32:54,702 | src.data.data_cleaning | INFO | Data cleaning started
2026-07-02 18:32:54,702 | src.data.data_cleaning | INFO | columns droped from X_train and X_test
2026-07-02 18:32:54,702 | src.data.data_cleaning | INFO | Data cleaning complete
2026-07-02 18:33:29,057 | __main__ | INFO | running main pipeline
2026-07-02 18:33:29,057 | __main__ | INFO | config file loaded
2026-07-02 18:33:29,080 | utils.io | INFO | Loaded CSV: data\raw\student_academic_data\data.csv
2026-07-02 18:33:29,080 | src.data.data_validation | INFO | Data validation started.
2026-07-02 18:33:29,089 | src.data.data_cleaning | INFO | Data cleaning started
2026-07-02 18:33:29,099 | src.data.data_cleaning | INFO | columns droped from X_train and X_test
2026-07-02 18:33:29,099 | src.data.data_cleaning | INFO | Data cleaning complete
2026-07-02 18:33:29,099 | src.data.split | INFO | data split start:
2026-07-02 18:33:29,115 | src.data.split | INFO | Training and test data created
2026-07-02 18:33:29,115 | src.data.label_encoder | INFO | Encoding target labels
2026-07-02 18:33:29,298 | src.data.label_encoder | INFO | Encoded 3 classes
2026-07-02 18:33:29,298 | src.model.train | INFO | Starting CatBoost Training
2026-07-02 18:33:29,299 | src.model.train | INFO | Training data shape: 3318 sample, 21 feature
2026-07-02 18:33:31,849 | src.model.train | INFO | Training completed in 2.55 seconds
2026-07-02 18:33:31,849 | src.model.eval | INFO | Model evaluation started:
2026-07-02 18:34:05,523 | src.model.eval | INFO | Model evaluation done
2026-07-02 18:34:05,528 | utils.io | INFO | Saved JSON: artifacts\eval_result.json
2026-07-02 18:34:05,533 | utils.io | INFO | Saved JSON: artifacts\data_validation_result.json
2026-07-02 18:34:05,550 | utils.io | INFO | Saved model: artifacts\models\best_model.joblib
2026-07-02 18:34:05,550 | utils.io | INFO | Saved model: artifacts\encoder.joblib
2026-07-02 18:34:05,558 | utils.io | INFO | Saved model: artifacts\eval_result.joblib
2026-07-02 18:34:05,564 | utils.io | INFO | Saved model: artifacts\feature_names.joblib
2026-07-02 18:34:05,564 | __main__ | INFO | Pipeline successfully run
2026-07-02 18:36:26,597 | src.inference.predict | INFO | Model loading....
2026-07-02 18:36:28,064 | utils.io | INFO | Loaded model: artifacts\models\best_model.joblib
2026-07-02 18:36:28,064 | src.inference.loader | INFO | Model loaded successfully.
2026-07-02 18:36:28,064 | src.inference.predict | INFO | Loading feature names....
2026-07-02 18:36:29,683 | utils.io | INFO | Loaded model: artifacts\encoder.joblib
2026-07-02 18:36:29,683 | src.inference.loader | INFO | Encoder loaded successfully.
2026-07-02 18:36:29,714 | utils.io | INFO | Loaded CSV: data\raw\student_academic_data\data.csv
2026-07-02 18:36:29,714 | utils.io | INFO | Loaded model: artifacts\feature_names.joblib
2026-07-02 18:36:29,714 | src.inference.loader | INFO | Feature names loaded successfully.
2026-07-02 18:36:29,714 | src.inference.validate | INFO | Validating uploaded data.
2026-07-02 18:36:29,714 | src.inference.validate | ERROR | Unexpected columns: ['Curricular units 1st sem (credited)', 'Curricular units 1st sem (without evaluations)', 'Curricular units 2nd sem (approved)', 'Curricular units 2nd sem (credited)', 'Curricular units 2nd sem (enrolled)', 'Curricular units 2nd sem (evaluations)', 'Curricular units 2nd sem (grade)', 'Curricular units 2nd sem (without evaluations)', 'Daytime/evening attendance', 'Displaced', 'Educational special needs', 'GDP', 'International', 'Nacionality', 'Target', 'Unemployment rate']
2026-07-02 18:43:08,792 | src.inference.predict | INFO | Model loading....
2026-07-02 18:43:10,376 | utils.io | INFO | Loaded model: artifacts\models\best_model.joblib
2026-07-02 18:43:10,376 | src.inference.loader | INFO | Model loaded successfully.
2026-07-02 18:43:10,376 | src.inference.predict | INFO | Loading feature names....
2026-07-02 18:43:13,109 | utils.io | INFO | Loaded model: artifacts\encoder.joblib
2026-07-02 18:43:13,110 | src.inference.loader | INFO | Encoder loaded successfully.
2026-07-02 18:43:13,201 | utils.io | INFO | Loaded CSV: data\raw\student_academic_data\data.csv
2026-07-02 18:43:13,201 | src.data.data_cleaning | INFO | Data cleaning started
2026-07-02 18:43:13,210 | src.data.data_cleaning | INFO | columns droped from X_train and X_test
2026-07-02 18:43:13,210 | src.data.data_cleaning | INFO | Data cleaning complete
2026-07-02 18:43:13,216 | utils.io | INFO | Loaded model: artifacts\feature_names.joblib
2026-07-02 18:43:13,216 | src.inference.loader | INFO | Feature names loaded successfully.
2026-07-02 18:43:13,219 | src.inference.validate | INFO | Validating uploaded data.
2026-07-02 18:43:13,219 | src.inference.validate | ERROR | Unexpected columns: ['Curricular units 1st sem (credited)', 'Curricular units 1st sem (without evaluations)', 'Curricular units 2nd sem (approved)', 'Curricular units 2nd sem (credited)', 'Curricular units 2nd sem (enrolled)', 'Curricular units 2nd sem (evaluations)', 'Curricular units 2nd sem (grade)', 'Curricular units 2nd sem (without evaluations)', 'Daytime/evening attendance', 'Displaced', 'Educational special needs', 'GDP', 'International', 'Nacionality', 'Target', 'Unemployment rate']
2026-07-02 18:45:09,675 | src.inference.predict | INFO | Model loading....
2026-07-02 18:45:11,196 | utils.io | INFO | Loaded model: artifacts\models\best_model.joblib
2026-07-02 18:45:11,196 | src.inference.loader | INFO | Model loaded successfully.
2026-07-02 18:45:11,196 | src.inference.predict | INFO | Loading feature names....
2026-07-02 18:45:13,208 | utils.io | INFO | Loaded model: artifacts\encoder.joblib
2026-07-02 18:45:13,208 | src.inference.loader | INFO | Encoder loaded successfully.
2026-07-02 18:45:13,263 | utils.io | INFO | Loaded CSV: data\raw\student_academic_data\data.csv
2026-07-02 18:45:13,263 | src.data.data_cleaning | INFO | Data cleaning started
2026-07-02 18:45:13,268 | src.data.data_cleaning | INFO | columns droped from X_train and X_test
2026-07-02 18:45:13,270 | src.data.data_cleaning | INFO | Data cleaning complete
2026-07-02 18:45:13,271 | utils.io | INFO | Loaded model: artifacts\feature_names.joblib
2026-07-02 18:45:13,271 | src.inference.loader | INFO | Feature names loaded successfully.
2026-07-02 18:45:13,271 | src.inference.validate | INFO | Validating uploaded data.
2026-07-02 18:45:13,271 | src.inference.validate | ERROR | Unexpected columns: ['Target']
2026-07-02 18:47:41,384 | src.inference.predict | INFO | Model loading....
2026-07-02 18:47:43,154 | utils.io | INFO | Loaded model: artifacts\models\best_model.joblib
2026-07-02 18:47:43,154 | src.inference.loader | INFO | Model loaded successfully.
2026-07-02 18:47:43,154 | src.inference.predict | INFO | Loading feature names....
2026-07-02 18:47:45,738 | utils.io | INFO | Loaded model: artifacts\encoder.joblib
2026-07-02 18:47:45,738 | src.inference.loader | INFO | Encoder loaded successfully.
2026-07-02 18:47:45,783 | utils.io | INFO | Loaded CSV: data\processed\x_test.csv
2026-07-02 18:47:45,785 | src.data.data_cleaning | INFO | Data cleaning started
2026-07-02 18:48:22,695 | src.inference.predict | INFO | Model loading....
2026-07-02 18:48:25,155 | utils.io | INFO | Loaded model: artifacts\models\best_model.joblib
2026-07-02 18:48:25,155 | src.inference.loader | INFO | Model loaded successfully.
2026-07-02 18:48:25,155 | src.inference.predict | INFO | Loading feature names....
2026-07-02 18:48:27,494 | utils.io | INFO | Loaded model: artifacts\encoder.joblib
2026-07-02 18:48:27,494 | src.inference.loader | INFO | Encoder loaded successfully.
2026-07-02 18:48:27,512 | utils.io | INFO | Loaded CSV: data\processed\x_test.csv
2026-07-02 18:48:27,514 | utils.io | INFO | Loaded model: artifacts\feature_names.joblib
2026-07-02 18:48:27,514 | src.inference.loader | INFO | Feature names loaded successfully.
2026-07-02 18:48:27,514 | src.inference.validate | INFO | Validating uploaded data.
2026-07-02 18:48:27,514 | src.inference.validate | ERROR | Missing columns: ['Admission grade', 'Age at enrollment', 'Application mode', 'Application order', 'Course', 'Curricular units 1st sem (approved)', 'Curricular units 1st sem (enrolled)', 'Curricular units 1st sem (evaluations)', 'Curricular units 1st sem (grade)', 'Debtor', "Father's occupation", "Father's qualification", 'Gender', 'Inflation rate', 'Marital status', "Mother's occupation", "Mother's qualification", 'Previous qualification', 'Previous qualification (grade)', 'Scholarship holder', 'Tuition fees up to date']
2026-07-02 18:54:38,115 | __main__ | INFO | running main pipeline
2026-07-02 18:54:38,115 | __main__ | INFO | config file loaded
2026-07-02 18:54:38,149 | utils.io | INFO | Loaded CSV: data\raw\student_academic_data\data.csv
2026-07-02 18:54:38,149 | src.data.data_validation | INFO | Data validation started.
2026-07-02 18:54:38,166 | src.data.data_cleaning | INFO | Data cleaning started
2026-07-02 18:54:38,166 | src.data.data_cleaning | INFO | columns droped from X_train and X_test
2026-07-02 18:54:38,166 | src.data.data_cleaning | INFO | Data cleaning complete
2026-07-02 18:54:38,170 | src.data.split | INFO | data split start:
2026-07-02 18:54:38,170 | src.data.split | INFO | Training and test data created
2026-07-02 18:54:38,170 | src.data.label_encoder | INFO | Encoding target labels
2026-07-02 18:54:38,217 | src.data.label_encoder | INFO | Encoded 3 classes
2026-07-02 18:54:38,217 | src.model.train | INFO | Starting CatBoost Training
2026-07-02 18:54:38,217 | src.model.train | INFO | Training data shape: 3318 sample, 21 feature
2026-07-02 18:54:41,335 | src.model.train | INFO | Training completed in 3.12 seconds
2026-07-02 18:54:41,335 | src.model.eval | INFO | Model evaluation started:
2026-07-02 18:54:53,409 | src.model.eval | INFO | Model evaluation done
2026-07-02 18:54:53,410 | utils.io | INFO | Saved JSON: artifacts\eval_result.json
2026-07-02 18:54:53,414 | utils.io | INFO | Saved JSON: artifacts\data_validation_result.json
2026-07-02 18:54:53,472 | utils.io | INFO | Saved CSV: data\processed\X_train.csv
2026-07-02 18:54:53,494 | utils.io | INFO | Saved CSV: data\processed\X_test.csv
2026-07-02 18:54:53,501 | utils.io | INFO | Saved model: artifacts\models\best_model.joblib
2026-07-02 18:54:53,501 | utils.io | INFO | Saved model: artifacts\encoder.joblib
2026-07-02 18:54:53,503 | utils.io | INFO | Saved model: artifacts\eval_result.joblib
2026-07-02 18:54:53,505 | utils.io | INFO | Saved model: artifacts\feature_names.joblib
2026-07-02 18:54:53,505 | __main__ | INFO | Pipeline successfully run
2026-07-02 18:55:45,244 | src.inference.predict | INFO | Model loading....
2026-07-02 18:55:47,588 | utils.io | INFO | Loaded model: artifacts\models\best_model.joblib
2026-07-02 18:55:47,588 | src.inference.loader | INFO | Model loaded successfully.
2026-07-02 18:55:47,588 | src.inference.predict | INFO | Loading feature names....
2026-07-02 18:55:50,172 | utils.io | INFO | Loaded model: artifacts\encoder.joblib
2026-07-02 18:55:50,172 | src.inference.loader | INFO | Encoder loaded successfully.
2026-07-02 18:55:50,180 | utils.io | INFO | Loaded CSV: data\processed\X_test.csv
2026-07-02 18:55:50,184 | utils.io | INFO | Loaded model: artifacts\feature_names.joblib
2026-07-02 18:55:50,185 | src.inference.loader | INFO | Feature names loaded successfully.
2026-07-02 18:55:50,185 | src.inference.validate | INFO | Validating uploaded data.
2026-07-02 18:55:50,185 | src.inference.validate | ERROR | Missing columns: ['Admission grade', 'Age at enrollment', 'Application mode', 'Application order', 'Course', 'Curricular units 1st sem (approved)', 'Curricular units 1st sem (enrolled)', 'Curricular units 1st sem (evaluations)', 'Curricular units 1st sem (grade)', 'Debtor', "Father's occupation", "Father's qualification", 'Gender', 'Inflation rate', 'Marital status', "Mother's occupation", "Mother's qualification", 'Previous qualification', 'Previous qualification (grade)', 'Scholarship holder', 'Tuition fees up to date']
2026-07-02 19:04:22,409 | src.inference.predict | INFO | Model loading....
2026-07-02 19:04:24,170 | utils.io | INFO | Loaded model: artifacts\models\best_model.joblib
2026-07-02 19:04:24,170 | src.inference.loader | INFO | Model loaded successfully.
2026-07-02 19:04:24,170 | src.inference.predict | INFO | Loading feature names....
2026-07-02 19:04:26,193 | utils.io | INFO | Loaded model: artifacts\encoder.joblib
2026-07-02 19:04:26,194 | src.inference.loader | INFO | Encoder loaded successfully.
2026-07-02 19:04:26,307 | utils.io | INFO | Loaded CSV: data\raw\student_academic_data\data.csv
2026-07-02 19:04:26,307 | src.data.data_cleaning | INFO | Data cleaning started
2026-07-02 19:04:26,307 | src.data.data_cleaning | INFO | columns droped from X_train and X_test
2026-07-02 19:04:26,307 | src.data.data_cleaning | INFO | Data cleaning complete
2026-07-02 19:05:15,070 | src.inference.predict | INFO | Model loading....
2026-07-02 19:05:16,676 | utils.io | INFO | Loaded model: artifacts\models\best_model.joblib
2026-07-02 19:05:16,677 | src.inference.loader | INFO | Model loaded successfully.
2026-07-02 19:05:16,677 | src.inference.predict | INFO | Loading feature names....
2026-07-02 19:05:18,923 | utils.io | INFO | Loaded model: artifacts\encoder.joblib
2026-07-02 19:05:18,923 | src.inference.loader | INFO | Encoder loaded successfully.
2026-07-02 19:05:18,973 | utils.io | INFO | Loaded CSV: data\raw\student_academic_data\data.csv
2026-07-02 19:05:18,983 | src.data.data_cleaning | INFO | Data cleaning started
2026-07-02 19:05:18,985 | src.data.data_cleaning | INFO | columns droped from X_train and X_test
2026-07-02 19:05:18,985 | src.data.data_cleaning | INFO | Data cleaning complete
2026-07-02 19:05:57,568 | src.inference.predict | INFO | Model loading....
2026-07-02 19:05:59,230 | utils.io | INFO | Loaded model: artifacts\models\best_model.joblib
2026-07-02 19:05:59,230 | src.inference.loader | INFO | Model loaded successfully.
2026-07-02 19:05:59,230 | src.inference.predict | INFO | Loading feature names....
2026-07-02 19:06:01,466 | utils.io | INFO | Loaded model: artifacts\encoder.joblib
2026-07-02 19:06:01,466 | src.inference.loader | INFO | Encoder loaded successfully.
2026-07-02 19:06:01,516 | utils.io | INFO | Loaded CSV: data\raw\student_academic_data\data.csv
2026-07-02 19:06:01,518 | src.data.data_cleaning | INFO | Data cleaning started
2026-07-02 19:06:01,518 | src.data.data_cleaning | INFO | columns droped from X_train and X_test
2026-07-02 19:06:01,518 | src.data.data_cleaning | INFO | Data cleaning complete
2026-07-02 19:06:01,523 | utils.io | INFO | Loaded model: artifacts\feature_names.joblib
2026-07-02 19:06:01,523 | src.inference.loader | INFO | Feature names loaded successfully.
2026-07-02 19:06:01,523 | src.inference.validate | INFO | Validating uploaded data.
2026-07-02 19:06:01,523 | src.inference.validate | INFO | Data validation completed successfully.
2026-07-02 19:22:35,131 | src.inference.predict | INFO | Model loading....
2026-07-02 19:22:35,926 | utils.io | INFO | Loaded model: artifacts\models\best_model.joblib
2026-07-02 19:22:35,926 | src.inference.loader | INFO | Model loaded successfully.
2026-07-02 19:22:35,926 | src.inference.predict | INFO | Loading feature names....
2026-07-02 19:22:36,990 | utils.io | INFO | Loaded model: artifacts\encoder.joblib
2026-07-02 19:22:36,990 | src.inference.loader | INFO | Encoder loaded successfully.
2026-07-02 19:22:36,990 | utils.io | INFO | Loaded model: artifacts\feature_names.joblib
2026-07-02 19:22:36,990 | src.inference.loader | INFO | Feature names loaded successfully.
2026-07-02 19:22:38,724 | src.inference.predict | INFO | Model loading....
2026-07-02 19:22:39,475 | utils.io | INFO | Loaded model: artifacts\models\best_model.joblib
2026-07-02 19:22:39,475 | src.inference.loader | INFO | Model loaded successfully.
2026-07-02 19:22:39,475 | src.inference.predict | INFO | Loading feature names....
2026-07-02 19:22:40,740 | utils.io | INFO | Loaded model: artifacts\encoder.joblib
2026-07-02 19:22:40,740 | src.inference.loader | INFO | Encoder loaded successfully.
2026-07-02 19:22:40,740 | utils.io | INFO | Loaded model: artifacts\feature_names.joblib
2026-07-02 19:22:40,740 | src.inference.loader | INFO | Feature names loaded successfully.
2026-07-02 19:23:21,323 | app.main | INFO | Reading uploaded CSV: data.csv
2026-07-02 19:23:21,330 | app.main | INFO | Rows: 4424 Columns: 1
2026-07-02 19:23:21,330 | src.data.data_cleaning | INFO | Data cleaning started
2026-07-02 19:23:21,330 | app.main | ERROR | Prediction failed.
Traceback (most recent call last):
  File "E:\project_archive\new project\app\main.py", line 54, in predict_file
    df = clean_data(df, config)
         ^^^^^^^^^^^^^^^^^^^^^^
  File "E:\project_archive\new project\src\data\data_cleaning.py", line 17, in clean_data
    data = data.drop(columns=feature_to_drop)
           ^^^^^^^^^^^^^^^^^^^^^^^^^^^^^^^^^^
  File "E:\project_archive\new project\venv\Lib\site-packages\pandas\core\frame.py", line 6300, in drop
    return super().drop(
           ^^^^^^^^^^^^^
  File "E:\project_archive\new project\venv\Lib\site-packages\pandas\core\generic.py", line 4644, in drop
    obj = obj._drop_axis(labels, axis, level=level, errors=errors)
          ^^^^^^^^^^^^^^^^^^^^^^^^^^^^^^^^^^^^^^^^^^^^^^^^^^^^^^^^
  File "E:\project_archive\new project\venv\Lib\site-packages\pandas\core\generic.py", line 4686, in _drop_axis
    new_axis = axis.drop(labels, errors=errors)
               ^^^^^^^^^^^^^^^^^^^^^^^^^^^^^^^^
  File "E:\project_archive\new project\venv\Lib\site-packages\pandas\core\indexes\base.py", line 7268, in drop
    raise KeyError(f"{labels[mask].tolist()} not found in axis")
KeyError: "['Educational special needs', 'GDP', 'Nacionality', 'International', 'Displaced', 'Unemployment rate', 'Daytime/evening attendance', 'Curricular units 1st sem (credited)', 'Curricular units 1st sem (without evaluations)', 'Curricular units 2nd sem (credited)', 'Curricular units 2nd sem (enrolled)', 'Curricular units 2nd sem (evaluations)', 'Curricular units 2nd sem (approved)', 'Curricular units 2nd sem (grade)', 'Curricular units 2nd sem (without evaluations)'] not found in axis"
2026-07-02 19:25:09,718 | src.inference.predict | INFO | Model loading....
2026-07-02 19:25:10,499 | utils.io | INFO | Loaded model: artifacts\models\best_model.joblib
2026-07-02 19:25:10,499 | src.inference.loader | INFO | Model loaded successfully.
2026-07-02 19:25:10,500 | src.inference.predict | INFO | Loading feature names....
2026-07-02 19:25:11,706 | utils.io | INFO | Loaded model: artifacts\encoder.joblib
2026-07-02 19:25:11,706 | src.inference.loader | INFO | Encoder loaded successfully.
2026-07-02 19:25:11,706 | utils.io | INFO | Loaded model: artifacts\feature_names.joblib
2026-07-02 19:25:11,706 | src.inference.loader | INFO | Feature names loaded successfully.
2026-07-02 19:25:59,865 | app.main | INFO | Reading uploaded CSV: data.csv
2026-07-02 19:25:59,876 | app.main | INFO | Rows: 4424 Columns: 1
2026-07-02 19:25:59,876 | src.data.data_cleaning | INFO | Data cleaning started
2026-07-02 19:25:59,876 | app.main | ERROR | Prediction failed.
Traceback (most recent call last):
  File "E:\project_archive\new project\app\main.py", line 46, in predict_file
    df = clean_data(df, config)
         ^^^^^^^^^^^^^^^^^^^^^^
  File "E:\project_archive\new project\src\data\data_cleaning.py", line 17, in clean_data
    data = data.drop(columns=feature_to_drop)
           ^^^^^^^^^^^^^^^^^^^^^^^^^^^^^^^^^^
  File "E:\project_archive\new project\venv\Lib\site-packages\pandas\core\frame.py", line 6300, in drop
    return super().drop(
           ^^^^^^^^^^^^^
  File "E:\project_archive\new project\venv\Lib\site-packages\pandas\core\generic.py", line 4644, in drop
    obj = obj._drop_axis(labels, axis, level=level, errors=errors)
          ^^^^^^^^^^^^^^^^^^^^^^^^^^^^^^^^^^^^^^^^^^^^^^^^^^^^^^^^
  File "E:\project_archive\new project\venv\Lib\site-packages\pandas\core\generic.py", line 4686, in _drop_axis
    new_axis = axis.drop(labels, errors=errors)
               ^^^^^^^^^^^^^^^^^^^^^^^^^^^^^^^^
  File "E:\project_archive\new project\venv\Lib\site-packages\pandas\core\indexes\base.py", line 7268, in drop
    raise KeyError(f"{labels[mask].tolist()} not found in axis")
KeyError: "['Educational special needs', 'GDP', 'Nacionality', 'International', 'Displaced', 'Unemployment rate', 'Daytime/evening attendance', 'Curricular units 1st sem (credited)', 'Curricular units 1st sem (without evaluations)', 'Curricular units 2nd sem (credited)', 'Curricular units 2nd sem (enrolled)', 'Curricular units 2nd sem (evaluations)', 'Curricular units 2nd sem (approved)', 'Curricular units 2nd sem (grade)', 'Curricular units 2nd sem (without evaluations)'] not found in axis"
2026-07-02 19:28:40,106 | src.inference.predict | INFO | Model loading....
2026-07-02 19:28:40,902 | utils.io | INFO | Loaded model: artifacts\models\best_model.joblib
2026-07-02 19:28:40,902 | src.inference.loader | INFO | Model loaded successfully.
2026-07-02 19:28:40,902 | src.inference.predict | INFO | Loading feature names....
2026-07-02 19:28:42,004 | utils.io | INFO | Loaded model: artifacts\encoder.joblib
2026-07-02 19:28:42,004 | src.inference.loader | INFO | Encoder loaded successfully.
2026-07-02 19:28:42,038 | utils.io | INFO | Loaded CSV: data\raw\student_academic_data\data.csv
2026-07-02 19:28:42,038 | src.data.data_cleaning | INFO | Data cleaning started
2026-07-02 19:28:42,040 | src.data.data_cleaning | INFO | columns droped from X_train and X_test
2026-07-02 19:28:42,041 | src.data.data_cleaning | INFO | Data cleaning complete
2026-07-02 19:28:42,042 | utils.io | INFO | Loaded model: artifacts\feature_names.joblib
2026-07-02 19:28:42,043 | src.inference.loader | INFO | Feature names loaded successfully.
2026-07-02 19:28:42,043 | src.inference.validate | INFO | Validating uploaded data.
2026-07-02 19:28:42,046 | src.inference.validate | INFO | Data validation completed successfully.
2026-07-02 19:31:12,757 | src.inference.predict | INFO | Model loading....
2026-07-02 19:31:13,579 | utils.io | INFO | Loaded model: artifacts\models\best_model.joblib
2026-07-02 19:31:13,579 | src.inference.loader | INFO | Model loaded successfully.
2026-07-02 19:31:13,579 | src.inference.predict | INFO | Loading feature names....
2026-07-02 19:31:14,599 | utils.io | INFO | Loaded model: artifacts\encoder.joblib
2026-07-02 19:31:14,599 | src.inference.loader | INFO | Encoder loaded successfully.
2026-07-02 19:31:14,599 | utils.io | INFO | Loaded model: artifacts\feature_names.joblib
2026-07-02 19:31:14,599 | src.inference.loader | INFO | Feature names loaded successfully.
2026-07-02 19:31:16,017 | src.inference.predict | INFO | Model loading....
2026-07-02 19:31:16,814 | utils.io | INFO | Loaded model: artifacts\models\best_model.joblib
2026-07-02 19:31:16,814 | src.inference.loader | INFO | Model loaded successfully.
2026-07-02 19:31:16,814 | src.inference.predict | INFO | Loading feature names....
2026-07-02 19:31:18,270 | utils.io | INFO | Loaded model: artifacts\encoder.joblib
2026-07-02 19:31:18,270 | src.inference.loader | INFO | Encoder loaded successfully.
2026-07-02 19:31:18,270 | utils.io | INFO | Loaded model: artifacts\feature_names.joblib
2026-07-02 19:31:18,270 | src.inference.loader | INFO | Feature names loaded successfully.
2026-07-02 19:31:35,630 | app.main | INFO | Reading uploaded CSV: data.csv
2026-07-02 19:31:35,653 | app.main | INFO | Rows: 4424 Columns: 37
2026-07-02 19:31:35,654 | src.data.data_cleaning | INFO | Data cleaning started
2026-07-02 19:31:35,655 | src.data.data_cleaning | INFO | columns droped from X_train and X_test
2026-07-02 19:31:35,655 | src.data.data_cleaning | INFO | Data cleaning complete
2026-07-02 19:31:35,657 | src.inference.validate | INFO | Validating uploaded data.
2026-07-02 19:31:35,661 | src.inference.validate | INFO | Data validation completed successfully.
2026-07-02 19:31:35,672 | app.main | ERROR | Prediction failed.
Traceback (most recent call last):
  File "E:\project_archive\new project\app\main.py", line 58, in predict_file
    return JSONResponse(
           ^^^^^^^^^^^^^
  File "E:\project_archive\new project\venv\Lib\site-packages\starlette\responses.py", line 192, in __init__
    super().__init__(content, status_code, headers, media_type, background)
  File "E:\project_archive\new project\venv\Lib\site-packages\starlette\responses.py", line 45, in __init__
    self.body = self.render(content)
                ^^^^^^^^^^^^^^^^^^^^
  File "E:\project_archive\new project\venv\Lib\site-packages\starlette\responses.py", line 195, in render
    return json.dumps(
           ^^^^^^^^^^^
  File "C:\Program Files\WindowsApps\PythonSoftwareFoundation.Python.3.12_3.12.2800.0_x64__qbz5n2kfra8p0\Lib\json\__init__.py", line 238, in dumps
    **kw).encode(obj)
          ^^^^^^^^^^^
  File "C:\Program Files\WindowsApps\PythonSoftwareFoundation.Python.3.12_3.12.2800.0_x64__qbz5n2kfra8p0\Lib\json\encoder.py", line 200, in encode
    chunks = self.iterencode(o, _one_shot=True)
             ^^^^^^^^^^^^^^^^^^^^^^^^^^^^^^^^^^
  File "C:\Program Files\WindowsApps\PythonSoftwareFoundation.Python.3.12_3.12.2800.0_x64__qbz5n2kfra8p0\Lib\json\encoder.py", line 258, in iterencode
    return _iterencode(o, 0)
           ^^^^^^^^^^^^^^^^^
  File "C:\Program Files\WindowsApps\PythonSoftwareFoundation.Python.3.12_3.12.2800.0_x64__qbz5n2kfra8p0\Lib\json\encoder.py", line 180, in default
    raise TypeError(f'Object of type {o.__class__.__name__} '
TypeError: Object of type ndarray is not JSON serializable
2026-07-02 19:33:07,452 | src.inference.predict | INFO | Model loading....
2026-07-02 19:33:08,474 | utils.io | INFO | Loaded model: artifacts\models\best_model.joblib
2026-07-02 19:33:08,474 | src.inference.loader | INFO | Model loaded successfully.
2026-07-02 19:33:08,474 | src.inference.predict | INFO | Loading feature names....
2026-07-02 19:33:09,812 | utils.io | INFO | Loaded model: artifacts\encoder.joblib
2026-07-02 19:33:09,813 | src.inference.loader | INFO | Encoder loaded successfully.
2026-07-02 19:33:09,814 | utils.io | INFO | Loaded model: artifacts\feature_names.joblib
2026-07-02 19:33:09,814 | src.inference.loader | INFO | Feature names loaded successfully.
2026-07-02 19:33:17,058 | app.main | INFO | Reading uploaded CSV: data.csv
2026-07-02 19:33:17,088 | app.main | INFO | Rows: 4424 Columns: 37
2026-07-02 19:33:17,088 | src.data.data_cleaning | INFO | Data cleaning started
2026-07-02 19:33:17,098 | src.data.data_cleaning | INFO | columns droped from X_train and X_test
2026-07-02 19:33:17,098 | src.data.data_cleaning | INFO | Data cleaning complete
2026-07-02 19:33:17,098 | src.inference.validate | INFO | Validating uploaded data.
2026-07-02 19:33:17,100 | src.inference.validate | INFO | Data validation completed successfully.
2026-07-02 19:33:17,120 | app.main | ERROR | Prediction failed.
Traceback (most recent call last):
  File "E:\project_archive\new project\app\main.py", line 56, in predict_file
    predictions = model_service.predict(df)
                  ^^^^^^^^^^^^^^^^^^^^^^^^^
  File "E:\project_archive\new project\src\inference\predict.py", line 17, in predict
    return labels.tolist()
           ^^^^^^^^^
AttributeError: 'numpy.ndarray' object has no attribute 'to'
2026-07-02 19:34:03,937 | src.inference.predict | INFO | Model loading....
2026-07-02 19:34:04,745 | utils.io | INFO | Loaded model: artifacts\models\best_model.joblib
2026-07-02 19:34:04,745 | src.inference.loader | INFO | Model loaded successfully.
2026-07-02 19:34:04,745 | src.inference.predict | INFO | Loading feature names....
2026-07-02 19:34:05,960 | utils.io | INFO | Loaded model: artifacts\encoder.joblib
2026-07-02 19:34:05,960 | src.inference.loader | INFO | Encoder loaded successfully.
2026-07-02 19:34:05,960 | utils.io | INFO | Loaded model: artifacts\feature_names.joblib
2026-07-02 19:34:05,967 | src.inference.loader | INFO | Feature names loaded successfully.
2026-07-02 19:34:21,498 | app.main | INFO | Reading uploaded CSV: data.csv
2026-07-02 19:34:21,522 | app.main | INFO | Rows: 4424 Columns: 37
2026-07-02 19:34:21,523 | src.data.data_cleaning | INFO | Data cleaning started
2026-07-02 19:34:21,525 | src.data.data_cleaning | INFO | columns droped from X_train and X_test
2026-07-02 19:34:21,526 | src.data.data_cleaning | INFO | Data cleaning complete
2026-07-02 19:34:21,526 | src.inference.validate | INFO | Validating uploaded data.
2026-07-02 19:34:21,526 | src.inference.validate | INFO | Data validation completed successfully.
2026-07-03 22:53:39,646 | src.inference.predict | INFO | Model loading....
2026-07-03 22:53:46,280 | utils.io | INFO | Loaded model: artifacts\models\best_model.joblib
2026-07-03 22:53:46,280 | src.inference.loader | INFO | Model loaded successfully.
2026-07-03 22:53:46,280 | src.inference.predict | INFO | Loading feature names....
2026-07-03 22:53:54,613 | utils.io | INFO | Loaded model: artifacts\encoder.joblib
2026-07-03 22:53:54,613 | src.inference.loader | INFO | Encoder loaded successfully.
2026-07-03 22:53:54,613 | utils.io | INFO | Loaded model: artifacts\feature_names.joblib
2026-07-03 22:53:54,613 | src.inference.loader | INFO | Feature names loaded successfully.
2026-07-03 22:53:56,138 | src.inference.predict | INFO | Model loading....
2026-07-03 22:53:56,836 | utils.io | INFO | Loaded model: artifacts\models\best_model.joblib
2026-07-03 22:53:56,836 | src.inference.loader | INFO | Model loaded successfully.
2026-07-03 22:53:56,836 | src.inference.predict | INFO | Loading feature names....
2026-07-03 22:53:57,868 | utils.io | INFO | Loaded model: artifacts\encoder.joblib
2026-07-03 22:53:57,868 | src.inference.loader | INFO | Encoder loaded successfully.
2026-07-03 22:53:57,868 | utils.io | INFO | Loaded model: artifacts\feature_names.joblib
2026-07-03 22:53:57,868 | src.inference.loader | INFO | Feature names loaded successfully.
2026-08-11 12:51:06,777 | src.inference.predict | INFO | Model loading....
2026-08-11 12:51:19,693 | utils.io | INFO | Loaded model: artifacts\models\best_model.joblib
2026-08-11 12:51:19,694 | src.inference.loader | INFO | Model loaded successfully.
2026-08-11 12:51:19,694 | src.inference.predict | INFO | Loading feature names....
2026-08-11 12:51:19,718 | utils.io | INFO | Loaded model: artifacts\encoder.joblib
2026-08-11 12:51:19,718 | src.inference.loader | INFO | Encoder loaded successfully.
2026-08-11 12:51:19,718 | utils.io | INFO | Loaded model: artifacts\feature_names.joblib
2026-08-11 12:51:19,718 | src.inference.loader | INFO | Feature names loaded successfully.
2026-08-12 18:56:24,887 | __main__ | INFO | ======== Running  DataPipeline ==========
2026-08-12 18:56:24,900 | __main__ | INFO | config file loaded
2026-08-12 18:56:24,949 | utils.io | INFO | Loaded CSV: data\raw\student_academic_data\data.csv
2026-08-12 18:56:24,949 | src.data.data_validation | INFO | Data validation started.
2026-08-12 18:56:24,960 | src.data.data_cleaning | INFO | Data cleaning started
2026-08-12 18:56:24,969 | src.data.data_cleaning | INFO | columns droped from X_train and X_test
2026-08-12 18:56:24,969 | src.data.data_cleaning | INFO | Data cleaning complete
2026-08-12 18:56:24,969 | src.data.split | INFO | data split start:
2026-08-12 18:56:24,978 | src.data.split | INFO | Training and test data created
2026-08-12 18:56:24,979 | src.data.label_encoder | INFO | Encoding target labels
2026-08-12 18:56:24,979 | src.data.label_encoder | INFO | Encoded 3 classes
2026-08-12 18:56:24,983 | utils.io | INFO | Saved JSON: artifacts\reports\validation.json
2026-08-12 18:56:24,985 | utils.io | INFO | Saved model: artifacts\encoder.joblib
2026-08-12 18:56:25,029 | utils.io | INFO | Saved CSV: data\processed\X_train.csv
2026-08-12 18:56:25,044 | utils.io | INFO | Saved CSV: data\processed\X_test.csv
2026-08-12 18:56:25,044 | utils.io | INFO | Saved NumPy array: data\processed\y_train.npy
2026-08-12 18:56:25,052 | utils.io | INFO | Saved NumPy array: data\processed\y_test.npy
2026-08-12 18:56:25,055 | __main__ | INFO | ======= DataPipeline run successfully =========
2026-08-12 19:06:29,368 | __main__ | INFO | ========== Training Pipeline Started ==========
2026-08-12 19:06:29,375 | __main__ | INFO | config file loaded
2026-08-12 19:06:29,392 | utils.io | INFO | Loaded CSV: data\processed\X_train.csv
2026-08-12 19:06:29,393 | utils.io | INFO | Loaded NumPy array: data\processed\y_train.npy
2026-08-12 19:06:29,394 | src.model.train | INFO | Starting XGBoost model training...
2026-08-12 19:06:29,394 | src.model.train | INFO | Training data shape: 3539 samples, 21 features
2026-08-12 19:06:32,082 | src.model.train | INFO | Training completed successfully.
2026-08-12 19:06:32,082 | src.model.train | INFO | Training time: 2.69 seconds
2026-08-12 19:06:32,116 | utils.io | INFO | Saved model: artifacts\models\best_model.joblib
2026-08-12 19:06:32,116 | utils.io | INFO | Saved model: artifacts\feature_names.joblib
2026-08-12 19:06:32,118 | __main__ | INFO | Training Pipeline Complete.
2026-08-12 19:07:36,115 | __main__ | INFO | ========== Evaluation Started ==========
2026-08-12 19:07:36,123 | __main__ | INFO | Configuration loaded successfully.
2026-08-12 19:07:36,130 | utils.io | INFO | Loaded CSV: data\processed\X_test.csv
2026-08-12 19:07:36,131 | utils.io | INFO | Loaded NumPy array: data\processed\y_test.npy
2026-08-12 19:07:36,131 | __main__ | INFO | Loaded test data: 885 samples, 21 features
2026-08-12 19:07:37,172 | utils.io | INFO | Loaded model: artifacts\models\best_model.joblib
2026-08-12 19:07:37,174 | __main__ | INFO | Model loaded successfully.
2026-08-12 19:07:37,174 | src.model.eval | INFO | Starting model evaluation...
2026-08-12 19:07:48,370 | src.model.eval | INFO | Evaluation completed successfully. F1 Macro: 0.6631
2026-08-12 19:07:48,373 | utils.io | INFO | Saved JSON: artifacts\eval_result.json
2026-08-12 19:07:48,375 | utils.io | INFO | Saved JSON: artifacts\classification_report.joblib
2026-08-12 19:07:48,376 | __main__ | INFO | Evaluation artifacts saved.
2026-08-12 19:07:48,376 | __main__ | INFO | ========== Evaluation Completed ==========
2026-08-17 19:01:29,413 | src.data.data_validation | INFO | Data validation started.
2026-08-17 19:01:29,413 | src.data.data_validation | INFO | Dataset shape: rows=3, columns=6
2026-08-17 19:01:29,413 | src.data.data_validation | INFO | Column validation passed.
2026-08-17 19:01:29,428 | src.data.data_validation | INFO | No missing values detected.
2026-08-17 19:01:29,437 | src.data.data_validation | INFO | No duplicate rows detected.
2026-08-17 19:01:29,437 | src.data.data_validation | INFO | Target validation passed.
2026-08-17 19:01:29,438 | src.data.data_validation | INFO | Numerical feature validation passed.
2026-08-17 19:01:29,438 | src.data.data_validation | INFO | Binary feature validation passed.
2026-08-17 19:01:29,438 | src.data.data_validation | INFO | Data validation completed successfully.
2026-08-17 19:01:29,442 | src.data.data_validation | INFO | Data validation started.
2026-08-17 19:01:29,442 | src.data.data_validation | ERROR | Dataset is empty.
2026-08-17 19:01:29,446 | src.data.data_validation | INFO | Data validation started.
2026-08-17 19:01:29,446 | src.data.data_validation | INFO | Dataset shape: rows=3, columns=5
2026-08-17 19:01:29,447 | src.data.data_validation | ERROR | Missing columns: ['Age']
2026-08-17 19:01:29,451 | src.data.data_validation | INFO | Data validation started.
2026-08-17 19:01:29,451 | src.data.data_validation | INFO | Dataset shape: rows=3, columns=6
2026-08-17 19:01:29,451 | src.data.data_validation | INFO | Column validation passed.
2026-08-17 19:01:29,452 | src.data.data_validation | WARNING | Missing values detected: {'Age': 1}
2026-08-17 19:01:29,455 | src.data.data_validation | INFO | No duplicate rows detected.
2026-08-17 19:01:29,455 | src.data.data_validation | INFO | Target validation passed.
2026-08-17 19:01:29,456 | src.data.data_validation | INFO | Numerical feature validation passed.
2026-08-17 19:01:29,457 | src.data.data_validation | INFO | Binary feature validation passed.
2026-08-17 19:01:29,457 | src.data.data_validation | INFO | Data validation completed successfully.
2026-08-17 19:01:29,463 | src.data.data_validation | INFO | Data validation started.
2026-08-17 19:01:29,464 | src.data.data_validation | INFO | Dataset shape: rows=4, columns=6
2026-08-17 19:01:29,464 | src.data.data_validation | INFO | Column validation passed.
2026-08-17 19:01:29,464 | src.data.data_validation | INFO | No missing values detected.
2026-08-17 19:01:29,465 | src.data.data_validation | WARNING | Duplicate rows detected: 1
2026-08-17 19:01:29,465 | src.data.data_validation | INFO | Target validation passed.
2026-08-17 19:01:29,465 | src.data.data_validation | INFO | Numerical feature validation passed.
2026-08-17 19:01:29,466 | src.data.data_validation | INFO | Binary feature validation passed.
2026-08-17 19:01:29,466 | src.data.data_validation | INFO | Data validation completed successfully.
2026-08-17 19:01:29,470 | src.data.data_validation | INFO | Data validation started.
2026-08-17 19:01:29,471 | src.data.data_validation | INFO | Dataset shape: rows=3, columns=6
2026-08-17 19:01:29,471 | src.data.data_validation | INFO | Column validation passed.
2026-08-17 19:01:29,472 | src.data.data_validation | INFO | No missing values detected.
2026-08-17 19:01:29,473 | src.data.data_validation | INFO | No duplicate rows detected.
2026-08-17 19:01:29,473 | src.data.data_validation | ERROR | Target classes do not match.
2026-08-17 19:01:29,479 | src.data.data_validation | INFO | Data validation started.
2026-08-17 19:01:29,479 | src.data.data_validation | INFO | Dataset shape: rows=3, columns=6
2026-08-17 19:01:29,479 | src.data.data_validation | INFO | Column validation passed.
2026-08-17 19:01:29,480 | src.data.data_validation | INFO | No missing values detected.
2026-08-17 19:01:29,480 | src.data.data_validation | INFO | No duplicate rows detected.
2026-08-17 19:01:29,480 | src.data.data_validation | INFO | Target validation passed.
2026-08-17 19:01:29,481 | src.data.data_validation | ERROR | Invalid numerical columns: ['Age']
2026-08-17 19:01:29,486 | src.data.data_validation | INFO | Data validation started.
2026-08-17 19:01:29,487 | src.data.data_validation | INFO | Dataset shape: rows=3, columns=6
2026-08-17 19:01:29,487 | src.data.data_validation | INFO | Column validation passed.
2026-08-17 19:01:29,487 | src.data.data_validation | INFO | No missing values detected.
2026-08-17 19:01:29,487 | src.data.data_validation | INFO | No duplicate rows detected.
2026-08-17 19:01:29,487 | src.data.data_validation | INFO | Target validation passed.
2026-08-17 19:01:29,487 | src.data.data_validation | INFO | Numerical feature validation passed.
2026-08-17 19:01:29,488 | src.data.data_validation | ERROR | Invalid binary feature values: {'Gender': [np.int64(0), np.int64(1), np.int64(2)]}
2026-08-17 19:01:29,490 | src.data.data_validation | INFO | Data validation started.
2026-08-17 19:01:29,507 | src.data.data_validation | INFO | Checking dataset path: C:\Users\Asus\AppData\Local\Temp\pytest-of-Asus\pytest-0\test_validate_path0\data.csv
2026-08-17 19:01:29,508 | src.data.data_validation | INFO | Dataset path validation passed.
2026-08-17 19:19:33,511 | __main__ | INFO | ============================================================
2026-08-17 19:19:33,511 | __main__ | INFO | DATA VALIDATION PIPELINE STARTED
2026-08-17 19:19:33,511 | __main__ | INFO | ============================================================
2026-08-17 19:19:33,516 | __main__ | INFO | Configuration loaded successfully.
2026-08-17 19:19:33,516 | __main__ | INFO | Loading dataset from: data\raw\student_academic_data\data.csv
2026-08-17 19:19:33,554 | utils.io | INFO | Loaded CSV: data\raw\student_academic_data\data.csv
2026-08-17 19:19:33,554 | __main__ | INFO | Dataset loaded. Shape: (4424, 37)
2026-08-17 19:19:33,554 | src.data.data_validation | INFO | Data validation started.
2026-08-17 19:19:33,554 | src.data.data_validation | INFO | Dataset shape: rows=4424, columns=37
2026-08-17 19:19:33,555 | src.data.data_validation | ERROR | Missing columns: ['Daytime/evening attendance']
2026-08-18 18:51:57,299 | __main__ | INFO | ============================================================
2026-08-18 18:51:57,301 | __main__ | INFO | DATA VALIDATION PIPELINE STARTED
2026-08-18 18:51:57,302 | __main__ | INFO | ============================================================
2026-08-18 18:51:57,310 | utils.load_config | DEBUG | config file loaded.
2026-08-18 18:51:57,310 | __main__ | INFO | Configuration loaded successfully.
2026-08-18 18:51:57,310 | __main__ | INFO | Loading dataset from: data\raw\student_academic_data\data.csv
2026-08-18 18:51:57,371 | utils.io | INFO | Loaded CSV: data\raw\student_academic_data\data.csv
2026-08-18 18:51:57,371 | __main__ | INFO | Dataset loaded. Shape: (4424, 37)
2026-08-18 18:51:57,371 | src.data.data_validation | INFO | Data validation started.
2026-08-18 18:51:57,371 | src.data.data_validation | INFO | Dataset shape: rows=4424, columns=37
2026-08-18 18:51:57,372 | src.data.data_validation | ERROR | Missing columns: ['Daytime/evening attendance']
2026-08-18 18:58:06,703 | __main__ | INFO | ============================================================
2026-08-18 18:58:06,703 | __main__ | INFO | DATA VALIDATION PIPELINE STARTED
2026-08-18 18:58:06,703 | __main__ | INFO | ============================================================
2026-08-18 18:58:06,703 | utils.load_config | DEBUG | config file loaded.
2026-08-18 18:58:06,703 | __main__ | INFO | Configuration loaded successfully.
2026-08-18 18:58:06,703 | __main__ | INFO | Loading dataset from: data\raw\student_academic_data\data.csv
2026-08-18 18:58:06,731 | utils.io | INFO | Loaded CSV: data\raw\student_academic_data\data.csv
2026-08-18 18:58:06,731 | __main__ | INFO | Dataset loaded. Shape: (4424, 37)
2026-08-18 18:58:06,731 | __main__ | DEBUG | 'Marital status'
2026-08-18 18:58:06,731 | __main__ | DEBUG | 'Application mode'
2026-08-18 18:58:06,731 | __main__ | DEBUG | 'Application order'
2026-08-18 18:58:06,731 | __main__ | DEBUG | 'Course'
2026-08-18 18:58:06,731 | __main__ | DEBUG | 'Daytime/evening attendance\t'
2026-08-18 18:58:06,731 | __main__ | DEBUG | 'Previous qualification'
2026-08-18 18:58:06,731 | __main__ | DEBUG | 'Previous qualification (grade)'
2026-08-18 18:58:06,731 | __main__ | DEBUG | 'Nacionality'
2026-08-18 18:58:06,731 | __main__ | DEBUG | "Mother's qualification"
2026-08-18 18:58:06,731 | __main__ | DEBUG | "Father's qualification"
2026-08-18 18:58:06,731 | __main__ | DEBUG | "Mother's occupation"
2026-08-18 18:58:06,731 | __main__ | DEBUG | "Father's occupation"
2026-08-18 18:58:06,731 | __main__ | DEBUG | 'Admission grade'
2026-08-18 18:58:06,731 | __main__ | DEBUG | 'Displaced'
2026-08-18 18:58:06,731 | __main__ | DEBUG | 'Educational special needs'
2026-08-18 18:58:06,731 | __main__ | DEBUG | 'Debtor'
2026-08-18 18:58:06,731 | __main__ | DEBUG | 'Tuition fees up to date'
2026-08-18 18:58:06,731 | __main__ | DEBUG | 'Gender'
2026-08-18 18:58:06,731 | __main__ | DEBUG | 'Scholarship holder'
2026-08-18 18:58:06,738 | __main__ | DEBUG | 'Age at enrollment'
2026-08-18 18:58:06,738 | __main__ | DEBUG | 'International'
2026-08-18 18:58:06,738 | __main__ | DEBUG | 'Curricular units 1st sem (credited)'
2026-08-18 18:58:06,738 | __main__ | DEBUG | 'Curricular units 1st sem (enrolled)'
2026-08-18 18:58:06,738 | __main__ | DEBUG | 'Curricular units 1st sem (evaluations)'
2026-08-18 18:58:06,738 | __main__ | DEBUG | 'Curricular units 1st sem (approved)'
2026-08-18 18:58:06,738 | __main__ | DEBUG | 'Curricular units 1st sem (grade)'
2026-08-18 18:58:06,738 | __main__ | DEBUG | 'Curricular units 1st sem (without evaluations)'
2026-08-18 18:58:06,739 | __main__ | DEBUG | 'Curricular units 2nd sem (credited)'
2026-08-18 18:58:06,739 | __main__ | DEBUG | 'Curricular units 2nd sem (enrolled)'
2026-08-18 18:58:06,739 | __main__ | DEBUG | 'Curricular units 2nd sem (evaluations)'
2026-08-18 18:58:06,739 | __main__ | DEBUG | 'Curricular units 2nd sem (approved)'
2026-08-18 18:58:06,739 | __main__ | DEBUG | 'Curricular units 2nd sem (grade)'
2026-08-18 18:58:06,739 | __main__ | DEBUG | 'Curricular units 2nd sem (without evaluations)'
2026-08-18 18:58:06,739 | __main__ | DEBUG | 'Unemployment rate'
2026-08-18 18:58:06,740 | __main__ | DEBUG | 'Inflation rate'
2026-08-18 18:58:06,740 | __main__ | DEBUG | 'GDP'
2026-08-18 18:58:06,740 | __main__ | DEBUG | 'Target'
2026-08-18 18:58:06,740 | src.data.data_validation | INFO | Data validation started.
2026-08-18 18:58:06,740 | src.data.data_validation | INFO | Dataset shape: rows=4424, columns=37
2026-08-18 18:58:06,740 | src.data.data_validation | ERROR | Missing columns: ['Daytime/evening attendance']
2026-08-18 19:01:14,033 | __main__ | INFO | ============================================================
2026-08-18 19:01:14,033 | __main__ | INFO | DATA VALIDATION PIPELINE STARTED
2026-08-18 19:01:14,034 | __main__ | INFO | ============================================================
2026-08-18 19:01:14,039 | utils.load_config | DEBUG | config file loaded.
2026-08-18 19:01:14,040 | __main__ | INFO | Configuration loaded successfully.
2026-08-18 19:01:14,040 | __main__ | INFO | Loading dataset from: data\raw\student_academic_data\data.csv
2026-08-18 19:01:14,064 | utils.io | INFO | Loaded CSV: data\raw\student_academic_data\data.csv
2026-08-18 19:01:14,079 | __main__ | INFO | Dataset loaded. Shape: (4424, 37)
2026-08-18 19:01:14,079 | __main__ | INFO | 'Marital status'
2026-08-18 19:01:14,079 | __main__ | INFO | 'Application mode'
2026-08-18 19:01:14,079 | __main__ | INFO | 'Application order'
2026-08-18 19:01:14,079 | __main__ | INFO | 'Course'
2026-08-18 19:01:14,079 | __main__ | INFO | 'Daytime/evening attendance'
2026-08-18 19:01:14,080 | __main__ | INFO | 'Previous qualification'
2026-08-18 19:01:14,080 | __main__ | INFO | 'Previous qualification (grade)'
2026-08-18 19:01:14,080 | __main__ | INFO | 'Nacionality'
2026-08-18 19:01:14,080 | __main__ | INFO | "Mother's qualification"
2026-08-18 19:01:14,080 | __main__ | INFO | "Father's qualification"
2026-08-18 19:01:14,080 | __main__ | INFO | "Mother's occupation"
2026-08-18 19:01:14,080 | __main__ | INFO | "Father's occupation"
2026-08-18 19:01:14,081 | __main__ | INFO | 'Admission grade'
2026-08-18 19:01:14,081 | __main__ | INFO | 'Displaced'
2026-08-18 19:01:14,081 | __main__ | INFO | 'Educational special needs'
2026-08-18 19:01:14,081 | __main__ | INFO | 'Debtor'
2026-08-18 19:01:14,081 | __main__ | INFO | 'Tuition fees up to date'
2026-08-18 19:01:14,081 | __main__ | INFO | 'Gender'
2026-08-18 19:01:14,081 | __main__ | INFO | 'Scholarship holder'
2026-08-18 19:01:14,082 | __main__ | INFO | 'Age at enrollment'
2026-08-18 19:01:14,082 | __main__ | INFO | 'International'
2026-08-18 19:01:14,082 | __main__ | INFO | 'Curricular units 1st sem (credited)'
2026-08-18 19:01:14,082 | __main__ | INFO | 'Curricular units 1st sem (enrolled)'
2026-08-18 19:01:14,082 | __main__ | INFO | 'Curricular units 1st sem (evaluations)'
2026-08-18 19:01:14,082 | __main__ | INFO | 'Curricular units 1st sem (approved)'
2026-08-18 19:01:14,082 | __main__ | INFO | 'Curricular units 1st sem (grade)'
2026-08-18 19:01:14,082 | __main__ | INFO | 'Curricular units 1st sem (without evaluations)'
2026-08-18 19:01:14,082 | __main__ | INFO | 'Curricular units 2nd sem (credited)'
2026-08-18 19:01:14,083 | __main__ | INFO | 'Curricular units 2nd sem (enrolled)'
2026-08-18 19:01:14,083 | __main__ | INFO | 'Curricular units 2nd sem (evaluations)'
2026-08-18 19:01:14,083 | __main__ | INFO | 'Curricular units 2nd sem (approved)'
2026-08-18 19:01:14,083 | __main__ | INFO | 'Curricular units 2nd sem (grade)'
2026-08-18 19:01:14,083 | __main__ | INFO | 'Curricular units 2nd sem (without evaluations)'
2026-08-18 19:01:14,083 | __main__ | INFO | 'Unemployment rate'
2026-08-18 19:01:14,083 | __main__ | INFO | 'Inflation rate'
2026-08-18 19:01:14,084 | __main__ | INFO | 'GDP'
2026-08-18 19:01:14,084 | __main__ | INFO | 'Target'
2026-08-18 19:01:14,084 | src.data.data_validation | INFO | Data validation started.
2026-08-18 19:01:14,084 | src.data.data_validation | INFO | Dataset shape: rows=4424, columns=37
2026-08-18 19:01:14,085 | src.data.data_validation | INFO | Column validation passed.
2026-08-18 19:01:14,092 | src.data.data_validation | INFO | No missing values detected.
2026-08-18 19:01:14,120 | src.data.data_validation | INFO | No duplicate rows detected.
2026-08-18 19:01:14,121 | src.data.data_validation | DEBUG | Expected target classes: {'Graduate', 'Enrolled', 'Dropout'}
2026-08-18 19:01:14,121 | src.data.data_validation | DEBUG | Actual target classes: {'Graduate', 'Enrolled', 'Dropout'}
2026-08-18 19:01:14,121 | src.data.data_validation | INFO | Target validation passed.
2026-08-18 19:01:14,121 | src.data.data_validation | INFO | Numerical feature validation passed.
2026-08-18 19:01:14,121 | src.data.data_validation | INFO | Binary feature validation passed.
2026-08-18 19:01:14,121 | src.data.data_validation | INFO | Data validation completed successfully.
2026-08-18 19:01:14,126 | utils.io | INFO | Saved JSON: artifacts\data_validation.json
2026-08-18 19:01:14,127 | __main__ | INFO | Validation report saved to: artifacts\data_validation.json
2026-08-18 19:01:14,127 | __main__ | INFO | ============================================================
2026-08-18 19:01:14,127 | __main__ | INFO | DATA VALIDATION PIPELINE COMPLETED
2026-08-18 19:01:14,127 | __main__ | INFO | ============================================================
2026-08-18 19:14:06,818 | __main__ | INFO | DATA PIPELINE STARTED
2026-08-18 19:14:06,825 | utils.load_config | DEBUG | config file loaded.
2026-08-18 19:14:06,853 | utils.io | INFO | Loaded CSV: data\raw\student_academic_data\data.csv
2026-08-18 19:14:06,854 | src.data.data_validation | INFO | Data validation started.
2026-08-18 19:14:06,855 | src.data.data_validation | INFO | Dataset shape: rows=4424, columns=37
2026-08-18 19:14:06,855 | src.data.data_validation | INFO | Column validation passed.
2026-08-18 19:14:06,856 | src.data.data_validation | INFO | No missing values detected.
2026-08-18 19:14:06,863 | src.data.data_validation | INFO | No duplicate rows detected.
2026-08-18 19:14:06,863 | src.data.data_validation | DEBUG | Expected target classes: {'Dropout', 'Enrolled', 'Graduate'}
2026-08-18 19:14:06,864 | src.data.data_validation | DEBUG | Actual target classes: {'Dropout', 'Enrolled', 'Graduate'}
2026-08-18 19:14:06,864 | src.data.data_validation | INFO | Target validation passed.
2026-08-18 19:14:06,864 | src.data.data_validation | INFO | Numerical feature validation passed.
2026-08-18 19:14:06,865 | src.data.data_validation | INFO | Binary feature validation passed.
2026-08-18 19:14:06,866 | src.data.data_validation | INFO | Data validation completed successfully.
2026-08-18 19:14:06,867 | utils.io | INFO | Saved JSON: artifacts\data_validation.json
2026-08-18 19:14:06,867 | src.data.data_cleaning | INFO | Data cleaning started.
2026-08-18 19:14:06,872 | src.data.data_cleaning | DEBUG | Column names normalized.
2026-08-18 19:19:46,132 | __main__ | INFO | DATA PIPELINE STARTED
2026-08-18 19:19:46,137 | utils.load_config | DEBUG | config file loaded.
2026-08-18 19:19:46,170 | utils.io | INFO | Loaded CSV: data\raw\student_academic_data\data.csv
2026-08-18 19:19:46,172 | src.data.data_validation | INFO | Data validation started.
2026-08-18 19:19:46,172 | src.data.data_validation | INFO | Dataset shape: rows=4424, columns=37
2026-08-18 19:19:46,172 | src.data.data_validation | INFO | Column validation passed.
2026-08-18 19:19:46,174 | src.data.data_validation | INFO | No missing values detected.
2026-08-18 19:19:46,181 | src.data.data_validation | INFO | No duplicate rows detected.
2026-08-18 19:19:46,181 | src.data.data_validation | DEBUG | Expected target classes: {'Dropout', 'Enrolled', 'Graduate'}
2026-08-18 19:19:46,182 | src.data.data_validation | DEBUG | Actual target classes: {'Dropout', 'Enrolled', 'Graduate'}
2026-08-18 19:19:46,182 | src.data.data_validation | INFO | Target validation passed.
2026-08-18 19:19:46,182 | src.data.data_validation | INFO | Numerical feature validation passed.
2026-08-18 19:19:46,185 | src.data.data_validation | INFO | Binary feature validation passed.
2026-08-18 19:19:46,185 | src.data.data_validation | INFO | Data validation completed successfully.
2026-08-18 19:19:46,186 | utils.io | INFO | Saved JSON: artifacts\data_validation.json
2026-08-18 19:19:46,186 | src.data.data_cleaning | INFO | Data cleaning started.
2026-08-18 19:19:46,188 | src.data.data_cleaning | DEBUG | Column names normalized.
2026-08-18 19:19:46,197 | src.data.data_cleaning | INFO | Data cleaning completed. Shape: (4424, 37)
2026-08-18 19:19:46,198 | __main__ | INFO | Final cleaned shape: (4424, 37)
2026-08-18 19:19:46,199 | __main__ | INFO | DATA PIPELINE COMPLETED
2026-08-18 19:48:41,345 | __main__ | INFO | DATA PIPELINE STARTED
2026-08-18 19:48:41,352 | utils.load_config | DEBUG | config file loaded.
2026-08-18 19:48:41,384 | utils.io | INFO | Loaded CSV: data\raw\student_academic_data\data.csv
2026-08-18 19:48:41,389 | src.data.data_validation | INFO | Data validation started.
2026-08-18 19:48:41,389 | src.data.data_validation | INFO | Dataset shape: rows=4424, columns=37
2026-08-18 19:48:41,390 | src.data.data_validation | INFO | Column validation passed.
2026-08-18 19:48:41,392 | src.data.data_validation | INFO | No missing values detected.
2026-08-18 19:48:41,405 | src.data.data_validation | INFO | No duplicate rows detected.
2026-08-18 19:48:41,406 | src.data.data_validation | DEBUG | Expected target classes: {'Graduate', 'Enrolled', 'Dropout'}
2026-08-18 19:48:41,406 | src.data.data_validation | DEBUG | Actual target classes: {'Enrolled', 'Graduate', 'Dropout'}
2026-08-18 19:48:41,406 | src.data.data_validation | INFO | Target validation passed.
2026-08-18 19:48:41,406 | src.data.data_validation | INFO | Numerical feature validation passed.
2026-08-18 19:48:41,410 | src.data.data_validation | INFO | Binary feature validation passed.
2026-08-18 19:48:41,410 | src.data.data_validation | INFO | Data validation completed successfully.
2026-08-18 19:48:41,412 | utils.io | INFO | Saved JSON: artifacts\data_validation.json
2026-08-18 19:48:41,412 | src.data.data_cleaning | INFO | Data cleaning started.
2026-08-18 19:48:41,415 | src.data.data_cleaning | DEBUG | Column names normalized.
2026-08-18 19:48:41,426 | src.data.data_cleaning | INFO | Data cleaning completed. Shape: (4424, 37)
2026-08-18 19:48:41,427 | __main__ | INFO | Final cleaned shape: (4424, 37)
2026-08-18 19:48:41,427 | __main__ | INFO | DATA PIPELINE COMPLETED
2026-08-18 19:48:41,428 | __main__ | INFO | Starting train/test split.
2026-08-18 19:48:41,428 | src.data.split | INFO | Data splitting started.
2026-08-18 19:48:41,433 | src.data.split | INFO | Features shape: (4424, 36)
2026-08-18 19:48:41,433 | src.data.split | INFO | Target shape: (4424,)
2026-08-18 19:48:41,932 | src.data.split | INFO | X_train shape: (3539, 36)
2026-08-18 19:48:41,932 | src.data.split | INFO | X_test shape: (885, 36)
2026-08-18 19:48:41,932 | src.data.split | INFO | y_train shape: (3539,)
2026-08-18 19:48:41,932 | src.data.split | INFO | y_test shape: (885,)
2026-08-18 19:48:41,932 | src.data.split | INFO | Data splitting completed.
2026-08-18 19:48:41,932 | __main__ | INFO | Train/Test split completed.
2026-08-18 19:48:41,932 | __main__ | INFO | X_train shape: (3539, 36)
2026-08-18 19:48:41,932 | __main__ | INFO | X_test shape: (885, 36)
2026-08-18 19:48:41,932 | __main__ | INFO | y_train shape: (3539,)
2026-08-18 19:48:41,932 | __main__ | INFO | y_test shape: (885,)
2026-08-18 19:48:41,932 | __main__ | INFO | ============================================================
2026-08-18 19:48:41,932 | __main__ | INFO | DATA PIPELINE COMPLETED SUCCESSFULLY
2026-08-18 19:48:41,932 | __main__ | INFO | ============================================================
